ASxxxx Assembler V02.00 + NoICE + SDCC mods  (Intel 8051), page 1.
Hexadecimal [24-Bits]



                                      1 ;/***************************************************************************
                                      2 ; * ESD Lab 4
                                      3 ; * Tools: VSCode,make,batchisp,tera term
                                      4 ; * Author: Chinmay Shalawadi
                                      5 ; * Institution: University of Colorado Boulder
                                      6 ; * Mail id: chsh1552@colorado.edu
                                      7 ; * References: lecture slides
                                      8 ; ***************************************************************************/
                                      9 	.module program
                                     10 	.optsdcc -mmcs51 --model-large
                                     11 	
                                     12 	.globl _i2c_init
                                     13 	.globl _i2c_stop
                                     14 	.globl _i2c_write_init
                                     15 	.globl _i2c_read_init
                                     16 	.globl _i2c_addr
                                     17 	.globl _i2c_write_val
                                     18 	.globl _i2c_read_val
                                     19 	.globl _i2c_eeprom_reset
                                     20 	
                                     21 
                                     22 	.area CSEG    
      000000                         23 _i2c_init:
      000000 D2 90            [12]   24 	setb p1.0
      000002 D2 97            [12]   25 	setb p1.7
      000004 C2 97            [12]   26 	clr p1.7
      000006 22               [24]   27 	ret
                                     28 
      000007                         29 _i2c_write_init:
      000007 12 00 00         [24]   30 	lcall _i2c_init
      00000A E5 82            [12]   31 	mov a,dpl
      00000C 23               [12]   32 	rl a
      00000D 44 A0            [12]   33 	orl a,#0xA0
      00000F 7A 09            [12]   34 	mov r2,#9	
      000011 12 00 63         [24]   35 	lcall devaddr
      000014 22               [24]   36 	ret
                                     37 
      000015                         38 _i2c_read_init:
      000015 12 00 00         [24]   39 	lcall _i2c_init
      000018 E5 82            [12]   40 	mov a,dpl
      00001A 23               [12]   41 	rl a
      00001B 44 A1            [12]   42 	orl a,#0xA1
      00001D 7A 09            [12]   43 	mov r2,#9	
      00001F 12 00 63         [24]   44 	lcall devaddr
      000022 22               [24]   45 	ret
                                     46 
      000023                         47 _i2c_read_val:
      000023 7A 08            [12]   48 	mov r2,#8
      000025 74 00            [12]   49 	mov a,#0
      000027 C3               [12]   50 	clr c
      000028 12 00 36         [24]   51 	lcall readloop	
      00002B C2 97            [12]   52 	clr p1.7	
      00002D 12 00 5C         [24]   53 	lcall _i2c_stop
      000030 F5 82            [12]   54 	mov dpl,a
      000032 22               [24]   55 	ret
ASxxxx Assembler V02.00 + NoICE + SDCC mods  (Intel 8051), page 2.
Hexadecimal [24-Bits]



                                     56 
      000033                         57 readloopc:		
      000033 DA 01            [24]   58 	djnz r2, readloop	
      000035 22               [24]   59 	ret
                                     60 
      000036                         61 readloop:	
      000036 D2 90            [12]   62 	setb p1.0
      000038 30 97 07         [24]   63 	jnb  p1.7, addz
      00003B D3               [12]   64 	setb c
      00003C 33               [12]   65 	rlc a	
      00003D C2 90            [12]   66 	clr p1.0	
      00003F 02 00 33         [24]   67 	ljmp readloopc
                                     68 
      000042                         69 addz:
      000042 C3               [12]   70 	clr c
      000043 33               [12]   71 	rlc a
      000044 C2 90            [12]   72 	clr p1.0
      000046 02 00 33         [24]   73 	ljmp readloopc
                                     74 
      000049                         75 _i2c_addr:
      000049 E5 82            [12]   76 	mov a,dpl
      00004B 7A 09            [12]   77 	mov r2,#9
      00004D 12 00 63         [24]   78 	lcall devaddr
      000050 22               [24]   79 	ret
                                     80 
      000051                         81 _i2c_write_val:
      000051 E5 82            [12]   82 	mov a,dpl
      000053 7A 09            [12]   83 	mov r2,#9
      000055 12 00 63         [24]   84 	lcall devaddr
      000058 12 00 5C         [24]   85 	lcall _i2c_stop
      00005B 22               [24]   86 	ret
                                     87 
      00005C                         88 _i2c_stop:
      00005C C2 97            [12]   89 	clr p1.7
      00005E D2 90            [12]   90 	setb p1.0
      000060 D2 97            [12]   91 	setb p1.7
      000062 22               [24]   92 	ret
                                     93 
      000063                         94 devaddr:
      000063 C2 90            [12]   95 	clr p1.0
      000065 DA 07            [24]   96 	djnz r2, bitloop
      000067 D2 97            [12]   97 	setb p1.7	
      000069 D2 90            [12]   98 	setb p1.0
      00006B C2 90            [12]   99 	clr p1.0		
      00006D 22               [24]  100 	ret
                                    101 
      00006E                        102 bitloop:	
      00006E 33               [12]  103 	rlc a
      00006F 50 03            [24]  104 	jnc sendz
      000071 02 00 7D         [24]  105 	ljmp sendo
                                    106 
      000074                        107 sendz:
      000074 C2 97            [12]  108 	clr p1.7		
      000076 D2 90            [12]  109 	setb p1.0		
      000078 C2 90            [12]  110 	clr p1.0
ASxxxx Assembler V02.00 + NoICE + SDCC mods  (Intel 8051), page 3.
Hexadecimal [24-Bits]



      00007A 02 00 63         [24]  111 	ljmp devaddr
                                    112 
      00007D                        113 sendo:
      00007D D2 97            [12]  114 	setb p1.7		
      00007F D2 90            [12]  115 	setb p1.0		
      000081 C2 90            [12]  116 	clr p1.0
      000083 02 00 63         [24]  117 	ljmp devaddr
                                    118 
                                    119 
      000086                        120 _i2c_eeprom_reset:	
      000086 12 00 00         [24]  121 	lcall _i2c_init
      000089 7A 09            [12]  122 	mov r2,#9
      00008B 74 FF            [12]  123 	mov a,#0xFF
      00008D 12 00 63         [24]  124 	lcall devaddr
      000090 12 00 00         [24]  125 	lcall _i2c_init
      000093 12 00 5C         [24]  126 	lcall _i2c_stop
      000096 22               [24]  127 	ret
ASxxxx Assembler V02.00 + NoICE + SDCC mods  (Intel 8051), page 4.
Hexadecimal [24-Bits]

Symbol Table

    .__.$$$.=  002710 L   |     .__.ABS.=  000000 G   |     .__.CPU.=  000000 L
    .__.H$L.=  000001 L   |     A       =  0000E0 L   |     A.0     =  0000E0 L
    A.1     =  0000E1 L   |     A.2     =  0000E2 L   |     A.3     =  0000E3 L
    A.4     =  0000E4 L   |     A.5     =  0000E5 L   |     A.6     =  0000E6 L
    A.7     =  0000E7 L   |     AC      =  0000D6 L   |     ACC     =  0000E0 L
    ACC.0   =  0000E0 L   |     ACC.1   =  0000E1 L   |     ACC.2   =  0000E2 L
    ACC.3   =  0000E3 L   |     ACC.4   =  0000E4 L   |     ACC.5   =  0000E5 L
    ACC.6   =  0000E6 L   |     ACC.7   =  0000E7 L   |     B       =  0000F0 L
    B.0     =  0000F0 L   |     B.1     =  0000F1 L   |     B.2     =  0000F2 L
    B.3     =  0000F3 L   |     B.4     =  0000F4 L   |     B.5     =  0000F5 L
    B.6     =  0000F6 L   |     B.7     =  0000F7 L   |     CPRL2   =  0000C8 L
    CT2     =  0000C9 L   |     CY      =  0000D7 L   |     DPH     =  000083 L
    DPL     =  000082 L   |     EA      =  0000AF L   |     ES      =  0000AC L
    ET0     =  0000A9 L   |     ET1     =  0000AB L   |     ET2     =  0000AD L
    EX0     =  0000A8 L   |     EX1     =  0000AA L   |     EXEN2   =  0000CB L
    EXF2    =  0000CE L   |     F0      =  0000D5 L   |     IE      =  0000A8 L
    IE.0    =  0000A8 L   |     IE.1    =  0000A9 L   |     IE.2    =  0000AA L
    IE.3    =  0000AB L   |     IE.4    =  0000AC L   |     IE.5    =  0000AD L
    IE.7    =  0000AF L   |     IE0     =  000089 L   |     IE1     =  00008B L
    INT0    =  0000B2 L   |     INT1    =  0000B3 L   |     IP      =  0000B8 L
    IP.0    =  0000B8 L   |     IP.1    =  0000B9 L   |     IP.2    =  0000BA L
    IP.3    =  0000BB L   |     IP.4    =  0000BC L   |     IP.5    =  0000BD L
    IT0     =  000088 L   |     IT1     =  00008A L   |     OV      =  0000D2 L
    P       =  0000D0 L   |     P0      =  000080 L   |     P0.0    =  000080 L
    P0.1    =  000081 L   |     P0.2    =  000082 L   |     P0.3    =  000083 L
    P0.4    =  000084 L   |     P0.5    =  000085 L   |     P0.6    =  000086 L
    P0.7    =  000087 L   |     P1      =  000090 L   |     P1.0    =  000090 L
    P1.1    =  000091 L   |     P1.2    =  000092 L   |     P1.3    =  000093 L
    P1.4    =  000094 L   |     P1.5    =  000095 L   |     P1.6    =  000096 L
    P1.7    =  000097 L   |     P2      =  0000A0 L   |     P2.0    =  0000A0 L
    P2.1    =  0000A1 L   |     P2.2    =  0000A2 L   |     P2.3    =  0000A3 L
    P2.4    =  0000A4 L   |     P2.5    =  0000A5 L   |     P2.6    =  0000A6 L
    P2.7    =  0000A7 L   |     P3      =  0000B0 L   |     P3.0    =  0000B0 L
    P3.1    =  0000B1 L   |     P3.2    =  0000B2 L   |     P3.3    =  0000B3 L
    P3.4    =  0000B4 L   |     P3.5    =  0000B5 L   |     P3.6    =  0000B6 L
    P3.7    =  0000B7 L   |     PCON    =  000087 L   |     PS      =  0000BC L
    PSW     =  0000D0 L   |     PSW.0   =  0000D0 L   |     PSW.1   =  0000D1 L
    PSW.2   =  0000D2 L   |     PSW.3   =  0000D3 L   |     PSW.4   =  0000D4 L
    PSW.5   =  0000D5 L   |     PSW.6   =  0000D6 L   |     PSW.7   =  0000D7 L
    PT0     =  0000B9 L   |     PT1     =  0000BB L   |     PT2     =  0000BD L
    PX0     =  0000B8 L   |     PX1     =  0000BA L   |     RB8     =  00009A L
    RCAP2H  =  0000CB L   |     RCAP2L  =  0000CA L   |     RCLK    =  0000CD L
    REN     =  00009C L   |     RI      =  000098 L   |     RS0     =  0000D3 L
    RS1     =  0000D4 L   |     RXD     =  0000B0 L   |     SBUF    =  000099 L
    SCON    =  000098 L   |     SCON.0  =  000098 L   |     SCON.1  =  000099 L
    SCON.2  =  00009A L   |     SCON.3  =  00009B L   |     SCON.4  =  00009C L
    SCON.5  =  00009D L   |     SCON.6  =  00009E L   |     SCON.7  =  00009F L
    SM0     =  00009F L   |     SM1     =  00009E L   |     SM2     =  00009D L
    SP      =  000081 L   |     T2CON   =  0000C8 L   |     T2CON.0 =  0000C8 L
    T2CON.1 =  0000C9 L   |     T2CON.2 =  0000CA L   |     T2CON.3 =  0000CB L
    T2CON.4 =  0000CC L   |     T2CON.5 =  0000CD L   |     T2CON.6 =  0000CE L
    T2CON.7 =  0000CF L   |     TB8     =  00009B L   |     TCLK    =  0000CC L
    TCON    =  000088 L   |     TCON.0  =  000088 L   |     TCON.1  =  000089 L
    TCON.2  =  00008A L   |     TCON.3  =  00008B L   |     TCON.4  =  00008C L
    TCON.5  =  00008D L   |     TCON.6  =  00008E L   |     TCON.7  =  00008F L
ASxxxx Assembler V02.00 + NoICE + SDCC mods  (Intel 8051), page 5.
Hexadecimal [24-Bits]

Symbol Table

    TF0     =  00008D L   |     TF1     =  00008F L   |     TF2     =  0000CF L
    TH0     =  00008C L   |     TH1     =  00008D L   |     TH2     =  0000CD L
    TI      =  000099 L   |     TL0     =  00008A L   |     TL1     =  00008B L
    TL2     =  0000CC L   |     TMOD    =  000089 L   |     TR0     =  00008C L
    TR1     =  00008E L   |     TR2     =  0000CA L   |     TXD     =  0000B1 L
  1 _i2c_add   000049 GR  |   1 _i2c_eep   000086 GR  |   1 _i2c_ini   000000 GR
  1 _i2c_rea   000015 GR  |   1 _i2c_rea   000023 GR  |   1 _i2c_sto   00005C GR
  1 _i2c_wri   000007 GR  |   1 _i2c_wri   000051 GR  |     a       =  0000E0 L
    a.0     =  0000E0 L   |     a.1     =  0000E1 L   |     a.2     =  0000E2 L
    a.3     =  0000E3 L   |     a.4     =  0000E4 L   |     a.5     =  0000E5 L
    a.6     =  0000E6 L   |     a.7     =  0000E7 L   |     ac      =  0000D6 L
    acc     =  0000E0 L   |     acc.0   =  0000E0 L   |     acc.1   =  0000E1 L
    acc.2   =  0000E2 L   |     acc.3   =  0000E3 L   |     acc.4   =  0000E4 L
    acc.5   =  0000E5 L   |     acc.6   =  0000E6 L   |     acc.7   =  0000E7 L
  1 addz       000042 R   |     b       =  0000F0 L   |     b.0     =  0000F0 L
    b.1     =  0000F1 L   |     b.2     =  0000F2 L   |     b.3     =  0000F3 L
    b.4     =  0000F4 L   |     b.5     =  0000F5 L   |     b.6     =  0000F6 L
    b.7     =  0000F7 L   |   1 bitloop    00006E R   |     cprl2   =  0000C8 L
    ct2     =  0000C9 L   |     cy      =  0000D7 L   |   1 devaddr    000063 R
    dph     =  000083 L   |     dpl     =  000082 L   |     ea      =  0000AF L
    es      =  0000AC L   |     et0     =  0000A9 L   |     et1     =  0000AB L
    et2     =  0000AD L   |     ex0     =  0000A8 L   |     ex1     =  0000AA L
    exen2   =  0000CB L   |     exf2    =  0000CE L   |     f0      =  0000D5 L
    ie      =  0000A8 L   |     ie.0    =  0000A8 L   |     ie.1    =  0000A9 L
    ie.2    =  0000AA L   |     ie.3    =  0000AB L   |     ie.4    =  0000AC L
    ie.5    =  0000AD L   |     ie.7    =  0000AF L   |     ie0     =  000089 L
    ie1     =  00008B L   |     int0    =  0000B2 L   |     int1    =  0000B3 L
    ip      =  0000B8 L   |     ip.0    =  0000B8 L   |     ip.1    =  0000B9 L
    ip.2    =  0000BA L   |     ip.3    =  0000BB L   |     ip.4    =  0000BC L
    ip.5    =  0000BD L   |     it0     =  000088 L   |     it1     =  00008A L
    ov      =  0000D2 L   |     p       =  0000D0 L   |     p0      =  000080 L
    p0.0    =  000080 L   |     p0.1    =  000081 L   |     p0.2    =  000082 L
    p0.3    =  000083 L   |     p0.4    =  000084 L   |     p0.5    =  000085 L
    p0.6    =  000086 L   |     p0.7    =  000087 L   |     p1      =  000090 L
    p1.0    =  000090 L   |     p1.1    =  000091 L   |     p1.2    =  000092 L
    p1.3    =  000093 L   |     p1.4    =  000094 L   |     p1.5    =  000095 L
    p1.6    =  000096 L   |     p1.7    =  000097 L   |     p2      =  0000A0 L
    p2.0    =  0000A0 L   |     p2.1    =  0000A1 L   |     p2.2    =  0000A2 L
    p2.3    =  0000A3 L   |     p2.4    =  0000A4 L   |     p2.5    =  0000A5 L
    p2.6    =  0000A6 L   |     p2.7    =  0000A7 L   |     p3      =  0000B0 L
    p3.0    =  0000B0 L   |     p3.1    =  0000B1 L   |     p3.2    =  0000B2 L
    p3.3    =  0000B3 L   |     p3.4    =  0000B4 L   |     p3.5    =  0000B5 L
    p3.6    =  0000B6 L   |     p3.7    =  0000B7 L   |     pcon    =  000087 L
    ps      =  0000BC L   |     psw     =  0000D0 L   |     psw.0   =  0000D0 L
    psw.1   =  0000D1 L   |     psw.2   =  0000D2 L   |     psw.3   =  0000D3 L
    psw.4   =  0000D4 L   |     psw.5   =  0000D5 L   |     psw.6   =  0000D6 L
    psw.7   =  0000D7 L   |     pt0     =  0000B9 L   |     pt1     =  0000BB L
    pt2     =  0000BD L   |     px0     =  0000B8 L   |     px1     =  0000BA L
    rb8     =  00009A L   |     rcap2h  =  0000CB L   |     rcap2l  =  0000CA L
    rclk    =  0000CD L   |   1 readloop   000036 R   |   1 readloop   000033 R
    ren     =  00009C L   |     ri      =  000098 L   |     rs0     =  0000D3 L
    rs1     =  0000D4 L   |     rxd     =  0000B0 L   |     sbuf    =  000099 L
    scon    =  000098 L   |     scon.0  =  000098 L   |     scon.1  =  000099 L
    scon.2  =  00009A L   |     scon.3  =  00009B L   |     scon.4  =  00009C L
    scon.5  =  00009D L   |     scon.6  =  00009E L   |     scon.7  =  00009F L
ASxxxx Assembler V02.00 + NoICE + SDCC mods  (Intel 8051), page 6.
Hexadecimal [24-Bits]

Symbol Table

  1 sendo      00007D R   |   1 sendz      000074 R   |     sm0     =  00009F L
    sm1     =  00009E L   |     sm2     =  00009D L   |     sp      =  000081 L
    t2con   =  0000C8 L   |     t2con.0 =  0000C8 L   |     t2con.1 =  0000C9 L
    t2con.2 =  0000CA L   |     t2con.3 =  0000CB L   |     t2con.4 =  0000CC L
    t2con.5 =  0000CD L   |     t2con.6 =  0000CE L   |     t2con.7 =  0000CF L
    tb8     =  00009B L   |     tclk    =  0000CC L   |     tcon    =  000088 L
    tcon.0  =  000088 L   |     tcon.1  =  000089 L   |     tcon.2  =  00008A L
    tcon.3  =  00008B L   |     tcon.4  =  00008C L   |     tcon.5  =  00008D L
    tcon.6  =  00008E L   |     tcon.7  =  00008F L   |     tf0     =  00008D L
    tf1     =  00008F L   |     tf2     =  0000CF L   |     th0     =  00008C L
    th1     =  00008D L   |     th2     =  0000CD L   |     ti      =  000099 L
    tl0     =  00008A L   |     tl1     =  00008B L   |     tl2     =  0000CC L
    tmod    =  000089 L   |     tr0     =  00008C L   |     tr1     =  00008E L
    tr2     =  0000CA L   |     txd     =  0000B1 L

ASxxxx Assembler V02.00 + NoICE + SDCC mods  (Intel 8051), page 7.
Hexadecimal [24-Bits]

Area Table

   0 _CODE      size      0   flags    0
   1 CSEG       size     97   flags    0

