ASxxxx Linker V03.00 + NoICE + sdld,  page 1.
Hexadecimal  [32-Bits]

Area                                    Addr        Size        Decimal Bytes (Attributes)
--------------------------------        ----        ----        ------- ----- ------------
CABS                                00000000    00000000 =           0. bytes (ABS,CON,CODE)

      Value  Global                              Global Defined In Module
      -----  --------------------------------   ------------------------
C:   00000000  l_BIT_BANK                      
C:   00000000  l_BSEG                          
C:   00000000  l_BSEG_BYTES                    
C:   00000000  l_CABS                          
C:   00000000  l_GSINIT                        
C:   00000000  l_GSINIT1                       
C:   00000000  l_GSINIT5                       
C:   00000000  l_IABS                          
C:   00000000  l_ISEG                          
C:   00000000  l_PSEG                          
C:   00000000  l_REG_BANK_1                    
C:   00000000  l_REG_BANK_2                    
C:   00000000  l_REG_BANK_3                    
C:   00000000  l_RSEG                          
C:   00000000  l_RSEG0                         
C:   00000000  l_RSEG1                         
C:   00000000  l_XABS                          
C:   00000000  l_XINIT                         
C:   00000000  l_XISEG                         
C:   00000000  l__CODE                         
C:   00000000  s_BSEG                          
C:   00000000  s_CABS                          
C:   00000000  s_DSEG                          
C:   00000000  s_HOME                          
C:   00000000  s_IABS                          
C:   00000000  s_ISEG                          
C:   00000000  s_REG_BANK_0                    
C:   00000000  s_RSEG                          
C:   00000000  s_RSEG0                         
C:   00000000  s_RSEG1                         
C:   00000000  s_XABS                          
C:   00000001  s_PSEG                          
C:   00000001  s_XSEG                          
C:   00000003  l_GSFINAL                       
C:   00000003  l_GSINIT0                       
C:   00000005  l_OSEG                          
C:   00000006  l_HOME                          
C:   00000006  s_GSINIT0                       
C:   00000008  l_REG_BANK_0                    
C:   00000008  s_REG_BANK_1                    
C:   00000009  s_GSINIT1                       
C:   00000009  s_GSINIT2                       
C:   0000000A  l_GSINIT2                       
C:   00000010  s_REG_BANK_2                    
C:   00000013  s_GSINIT3                       
C:   00000018  s_BIT_BANK                      
C:   00000018  s_REG_BANK_3                    
C:   0000001C  s_OSEG                          
C:   00000020  s_BSEG_BYTES                    
C:   00000020  s__CODE                         
ASxxxx Linker V03.00 + NoICE + sdld,  page 2.
Hexadecimal  [32-Bits]

Area                                    Addr        Size        Decimal Bytes (Attributes)
--------------------------------        ----        ----        ------- ----- ------------
CABS                                00000000    00000000 =           0. bytes (ABS,CON,CODE)

      Value  Global                              Global Defined In Module
      -----  --------------------------------   ------------------------
C:   00000021  s_SSEG                          
C:   00000022  l_GSINIT3                       
C:   0000002A  l_GSINIT4                       
C:   00000035  s_GSINIT4                       
C:   0000005F  s_GSFINAL                       
C:   0000005F  s_GSINIT                        
C:   0000005F  s_GSINIT5                       
C:   00000062  s_CSEG                          
C:   00000080  l_DSEG                          
C:   000000DF  l_SSEG                          
C:   00000100  l_IRAM                          
C:   00000531  l_CONST                         
C:   00001546  l_XSEG                          
C:   00001547  s_XISEG                         
C:   00001C56  l_CSEG                          
C:   00001CB8  s_CONST                         
C:   000021E9  s_XINIT                         

ASxxxx Linker V03.00 + NoICE + sdld,  page 3.
Hexadecimal  [32-Bits]

Area                                    Addr        Size        Decimal Bytes (Attributes)
--------------------------------        ----        ----        ------- ----- ------------
.  .ABS.                            00000000    00000000 =           0. bytes (ABS,CON)

      Value  Global                              Global Defined In Module
      -----  --------------------------------   ------------------------
     00000000  .__.ABS.                           _bp
     00000080  _P0                                program
     00000080  _P0_0                              program
     00000081  _P0_1                              program
     00000081  _SP                                program
     00000082  _DP0L                              program
     00000082  _DPL                               program
     00000082  _P0_2                              program
     00000083  _DP0H                              program
     00000083  _DPH                               program
     00000083  _P0_3                              program
     00000084  _P0_4                              program
     00000085  _P0_5                              program
     00000086  _P0_6                              program
     00000087  _P0_7                              program
     00000087  _PCON                              program
     00000088  _IT0                               program
     00000088  _TCON                              program
     00000089  _IE0                               program
     00000089  _TMOD                              program
     0000008A  _IT1                               program
     0000008A  _TL0                               program
     0000008B  _IE1                               program
     0000008B  _TL1                               program
     0000008C  _TH0                               program
     0000008C  _TR0                               program
     0000008D  _TF0                               program
     0000008D  _TH1                               program
     0000008E  _AUXR                              program
     0000008E  _TR1                               program
     0000008E  __AUXR                             program
     0000008F  _CKCON0                            program
     0000008F  _TF1                               program
     00000090  _P1                                program
     00000090  _P1_0                              program
     00000091  _P1_1                              program
     00000092  _P1_2                              program
     00000093  _P1_3                              program
     00000094  _P1_4                              program
     00000095  _P1_5                              program
     00000096  _P1_6                              program
     00000097  _CKRL                              program
     00000097  _P1_7                              program
     00000098  _RI                                program
     00000098  _SCON                              program
     00000099  _SBUF                              program
     00000099  _SBUF0                             program
     00000099  _TI                                program
     0000009A  _BRL                               program
     0000009A  _RB8                               program
ASxxxx Linker V03.00 + NoICE + sdld,  page 4.
Hexadecimal  [32-Bits]

Area                                    Addr        Size        Decimal Bytes (Attributes)
--------------------------------        ----        ----        ------- ----- ------------
.  .ABS.                            00000000    00000000 =           0. bytes (ABS,CON)

      Value  Global                              Global Defined In Module
      -----  --------------------------------   ------------------------
     0000009B  _BDRCON                            program
     0000009B  _TB8                               program
     0000009C  _KBLS                              program
     0000009C  _REN                               program
     0000009D  _KBE                               program
     0000009D  _SM2                               program
     0000009E  _KBF                               program
     0000009E  _SM1                               program
     0000009F  _SM0                               program
     000000A0  _P2                                program
     000000A0  _P2_0                              program
     000000A0  __XPAGE                            
     000000A1  _P2_1                              program
     000000A2  _AUXR1                             program
     000000A2  _P2_2                              program
     000000A3  _P2_3                              program
     000000A4  _P2_4                              program
     000000A5  _P2_5                              program
     000000A6  _P2_6                              program
     000000A6  _WDTRST                            program
     000000A7  _P2_7                              program
     000000A7  _WDTPRG                            program
     000000A8  _EX0                               program
     000000A8  _IE                                program
     000000A8  _IEN0                              program
     000000A9  _ET0                               program
     000000A9  _SADDR                             program
     000000AA  _EX1                               program
     000000AB  _ET1                               program
     000000AC  _ES                                program
     000000AD  _ET2                               program
     000000AE  _EC                                program
     000000AF  _CKCON1                            program
     000000AF  _EA                                program
     000000B0  _P3                                program
     000000B0  _P3_0                              program
     000000B0  _RXD                               program
     000000B0  _RXD0                              program
     000000B1  _IEN1                              program
     000000B1  _P3_1                              program
     000000B1  _TXD                               program
     000000B1  _TXD0                              program
     000000B2  _INT0                              program
     000000B2  _IPL1                              program
     000000B2  _P3_2                              program
     000000B3  _INT1                              program
     000000B3  _IPH1                              program
     000000B3  _P3_3                              program
     000000B4  _P3_4                              program
     000000B4  _T0                                program
     000000B5  _P3_5                              program
ASxxxx Linker V03.00 + NoICE + sdld,  page 5.
Hexadecimal  [32-Bits]

Area                                    Addr        Size        Decimal Bytes (Attributes)
--------------------------------        ----        ----        ------- ----- ------------
.  .ABS.                            00000000    00000000 =           0. bytes (ABS,CON)

      Value  Global                              Global Defined In Module
      -----  --------------------------------   ------------------------
     000000B5  _T1                                program
     000000B6  _P3_6                              program
     000000B6  _WR                                program
     000000B7  _IPH0                              program
     000000B7  _P3_7                              program
     000000B7  _RD                                program
     000000B8  _IP                                program
     000000B8  _IPL0                              program
     000000B8  _PX0                               program
     000000B8  _PX0L                              program
     000000B9  _PT0                               program
     000000B9  _PT0L                              program
     000000B9  _SADEN                             program
     000000BA  _PX1                               program
     000000BA  _PX1L                              program
     000000BB  _PT1                               program
     000000BB  _PT1L                              program
     000000BC  _PS                                program
     000000BC  _PSL                               program
     000000BD  _PT2                               program
     000000BD  _PT2L                              program
     000000BE  _PPCL                              program
     000000C0  _P4                                program
     000000C0  _P4_0                              program
     000000C1  _P4_1                              program
     000000C2  _P4_2                              program
     000000C3  _P4_3                              program
     000000C3  _SPCON                             program
     000000C4  _P4_4                              program
     000000C4  _SPSTA                             program
     000000C5  _P4_5                              program
     000000C5  _SPDAT                             program
     000000C6  _P4_6                              program
     000000C7  _P4_7                              program
     000000C8  _CP_RL2                            program
     000000C8  _T2CON                             program
     000000C8  _T2CON_0                           program
     000000C9  _C_T2                              program
     000000C9  _T2CON_1                           program
     000000C9  _T2MOD                             program
     000000CA  _RCAP2L                            program
     000000CA  _T2CON_2                           program
     000000CA  _TR2                               program
     000000CB  _EXEN2                             program
     000000CB  _RCAP2H                            program
     000000CB  _T2CON_3                           program
     000000CC  _T2CON_4                           program
     000000CC  _TCLK                              program
     000000CC  _TL2                               program
     000000CD  _RCLK                              program
     000000CD  _T2CON_5                           program
ASxxxx Linker V03.00 + NoICE + sdld,  page 6.
Hexadecimal  [32-Bits]

Area                                    Addr        Size        Decimal Bytes (Attributes)
--------------------------------        ----        ----        ------- ----- ------------
.  .ABS.                            00000000    00000000 =           0. bytes (ABS,CON)

      Value  Global                              Global Defined In Module
      -----  --------------------------------   ------------------------
     000000CD  _TH2                               program
     000000CE  _EXF2                              program
     000000CE  _T2CON_6                           program
     000000CF  _T2CON_7                           program
     000000CF  _TF2                               program
     000000D0  _P                                 program
     000000D0  _PSW                               program
     000000D1  _F1                                program
     000000D2  _EECON                             program
     000000D2  _OV                                program
     000000D3  _RS0                               program
     000000D4  _RS1                               program
     000000D5  _F0                                program
     000000D6  _AC                                program
     000000D7  _CY                                program
     000000D8  _CCF0                              program
     000000D8  _CCON                              program
     000000D9  _CCF1                              program
     000000D9  _CMOD                              program
     000000DA  _CCAPM0                            program
     000000DA  _CCF2                              program
     000000DB  _CCAPM1                            program
     000000DB  _CCF3                              program
     000000DC  _CCAPM2                            program
     000000DC  _CCF4                              program
     000000DD  _CCAPM3                            program
     000000DE  _CCAPM4                            program
     000000DE  _CR                                program
     000000DF  _CF                                program
     000000E0  _ACC                               program
     000000E8  _P5                                program
     000000E8  _P5_0                              program
     000000E9  _CL                                program
     000000E9  _P5_1                              program
     000000EA  _CCAP0L                            program
     000000EA  _P5_2                              program
     000000EB  _CCAP1L                            program
     000000EB  _P5_3                              program
     000000EC  _CCAP2L                            program
     000000EC  _P5_4                              program
     000000ED  _CCAP3L                            program
     000000ED  _P5_5                              program
     000000EE  _CCAP4L                            program
     000000EE  _P5_6                              program
     000000EF  _P5_7                              program
     000000F0  _B                                 program
     000000F0  _BREG_F0                           program
     000000F1  _BREG_F1                           program
     000000F2  _BREG_F2                           program
     000000F3  _BREG_F3                           program
     000000F4  _BREG_F4                           program
ASxxxx Linker V03.00 + NoICE + sdld,  page 7.
Hexadecimal  [32-Bits]

Area                                    Addr        Size        Decimal Bytes (Attributes)
--------------------------------        ----        ----        ------- ----- ------------
.  .ABS.                            00000000    00000000 =           0. bytes (ABS,CON)

      Value  Global                              Global Defined In Module
      -----  --------------------------------   ------------------------
     000000F5  _BREG_F5                           program
     000000F5  _B_5                               _gptrget
     000000F6  _BREG_F6                           program
     000000F6  _B_6                               _gptrget
     000000F7  _BREG_F7                           program
     000000F7  _B_7                               _gptrget
     000000F9  _CH                                program
     000000FA  _CCAP0H                            program
     000000FB  _CCAP1H                            program
     000000FC  _CCAP2H                            program
     000000FD  _CCAP3H                            program
     000000FE  _CCAP4H                            program
     00006FFF  _DEBUG_LOC                         program
ASxxxx Linker V03.00 + NoICE + sdld,  page 8.
Hexadecimal  [32-Bits]

Area                                    Addr        Size        Decimal Bytes (Attributes)
--------------------------------        ----        ----        ------- ----- ------------
REG_BANK_0                          00000000    00000008 =           8. bytes (REL,OVR)

      Value  Global                              Global Defined In Module
      -----  --------------------------------   ------------------------
ASxxxx Linker V03.00 + NoICE + sdld,  page 9.
Hexadecimal  [32-Bits]

Area                                    Addr        Size        Decimal Bytes (Attributes)
--------------------------------        ----        ----        ------- ----- ------------
DSEG                                00000000    00000080 =         128. bytes (REL,CON)

      Value  Global                              Global Defined In Module
      -----  --------------------------------   ------------------------
     0000001B  _bp                                _bp

ASxxxx Linker V03.00 + NoICE + sdld,  page 10.
Hexadecimal  [32-Bits]

Area                                    Addr        Size        Decimal Bytes (Attributes)
--------------------------------        ----        ----        ------- ----- ------------
OSEG                                0000001C    00000005 =           5. bytes (REL,OVR)

      Value  Global                              Global Defined In Module
      -----  --------------------------------   ------------------------
ASxxxx Linker V03.00 + NoICE + sdld,  page 11.
Hexadecimal  [32-Bits]

Area                                    Addr        Size        Decimal Bytes (Attributes)
--------------------------------        ----        ----        ------- ----- ------------
SSEG                                00000021    000000DF =         223. bytes (REL,OVR)

      Value  Global                              Global Defined In Module
      -----  --------------------------------   ------------------------
     00000021  __start__stack                     program

ASxxxx Linker V03.00 + NoICE + sdld,  page 12.
Hexadecimal  [32-Bits]

Area                                    Addr        Size        Decimal Bytes (Attributes)
--------------------------------        ----        ----        ------- ----- ------------
XSEG                                00000001    00001546 =        5446. bytes (REL,CON,XDATA)

      Value  Global                              Global Defined In Module
      -----  --------------------------------   ------------------------
D:   00000001  _program_stats                     program
D:   0000000B  _buffers_array                     program
D:   0000016A  ___sdcc_heap                       _heap
D:   000014FD  ___memcpy_PARM_2                   __memcpy
D:   00001500  ___memcpy_PARM_3                   __memcpy
D:   00001505  __gptrput_PARM_2                   _gptrput
D:   00001506  ___sdcc_heap_free                  malloc
D:   0000150E  __mulint_PARM_2                    _mulint
D:   00001510  _vprintf_PARM_2                    vprintf
D:   00001525  __print_format_PARM_2              printf_large
D:   00001528  __print_format_PARM_3              printf_large
D:   0000152B  __print_format_PARM_4              printf_large
ASxxxx Linker V03.00 + NoICE + sdld,  page 13.
Hexadecimal  [32-Bits]

Area                                    Addr        Size        Decimal Bytes (Attributes)
--------------------------------        ----        ----        ------- ----- ------------
HOME                                00000000    00000006 =           6. bytes (REL,CON,CODE)

      Value  Global                              Global Defined In Module
      -----  --------------------------------   ------------------------
C:   00000003  __sdcc_program_startup             program

ASxxxx Linker V03.00 + NoICE + sdld,  page 14.
Hexadecimal  [32-Bits]

Area                                    Addr        Size        Decimal Bytes (Attributes)
--------------------------------        ----        ----        ------- ----- ------------
GSINIT0                             00000006    00000003 =           3. bytes (REL,CON,CODE)

      Value  Global                              Global Defined In Module
      -----  --------------------------------   ------------------------
C:   00000006  __sdcc_gsinit_startup              

ASxxxx Linker V03.00 + NoICE + sdld,  page 15.
Hexadecimal  [32-Bits]

Area                                    Addr        Size        Decimal Bytes (Attributes)
--------------------------------        ----        ----        ------- ----- ------------
GSINIT2                             00000009    0000000A =          10. bytes (REL,CON,CODE)

      Value  Global                              Global Defined In Module
      -----  --------------------------------   ------------------------
ASxxxx Linker V03.00 + NoICE + sdld,  page 16.
Hexadecimal  [32-Bits]

Area                                    Addr        Size        Decimal Bytes (Attributes)
--------------------------------        ----        ----        ------- ----- ------------
GSINIT3                             00000013    00000022 =          34. bytes (REL,CON,CODE)

      Value  Global                              Global Defined In Module
      -----  --------------------------------   ------------------------
C:   00000013  __mcs51_genXINIT                   

ASxxxx Linker V03.00 + NoICE + sdld,  page 17.
Hexadecimal  [32-Bits]

Area                                    Addr        Size        Decimal Bytes (Attributes)
--------------------------------        ----        ----        ------- ----- ------------
GSINIT4                             00000035    0000002A =          42. bytes (REL,CON,CODE)

      Value  Global                              Global Defined In Module
      -----  --------------------------------   ------------------------
C:   00000035  __mcs51_genRAMCLEAR                
C:   0000003B  __mcs51_genXRAMCLEAR               

ASxxxx Linker V03.00 + NoICE + sdld,  page 18.
Hexadecimal  [32-Bits]

Area                                    Addr        Size        Decimal Bytes (Attributes)
--------------------------------        ----        ----        ------- ----- ------------
GSFINAL                             0000005F    00000003 =           3. bytes (REL,CON,CODE)

      Value  Global                              Global Defined In Module
      -----  --------------------------------   ------------------------
ASxxxx Linker V03.00 + NoICE + sdld,  page 19.
Hexadecimal  [32-Bits]

Area                                    Addr        Size        Decimal Bytes (Attributes)
--------------------------------        ----        ----        ------- ----- ------------
CSEG                                00000062    00001C56 =        7254. bytes (REL,CON,CODE)

      Value  Global                              Global Defined In Module
      -----  --------------------------------   ------------------------
C:   00000062  _main                              program
C:   00000080  _user_interface                    program
C:   0000008F  _at_clear_all_buffers              program
C:   00000129  _delete_buffer                     program
C:   00000305  _print_menu                        program
C:   0000039F  _create_new_buffer                 program
C:   00000519  _create_initial_buffers            program
C:   000006F6  _enter_chars                       program
C:   0000081A  _dump_buff_zero_ascii              program
C:   00000930  _dump_buff_zero_hex                program
C:   00000A7D  _print_heap_stats                  program
C:   00000B3E  _print_all_buffers                 program
C:   00000CAE  _get_number                        program
C:   00000D86  _get_num_helper                    program
C:   00000E03  _putchar                           program
C:   00000E22  _getchar                           program
C:   00000E5E  _dataout                           program
C:   00000E6A  __sdcc_external_startup            program
C:   00000E84  _free                              free
C:   00000FDB  ___memcpy                          __memcpy
C:   0000104F  __gptrput                          _gptrput
C:   0000106A  ___sdcc_heap_init                  malloc
C:   000010A6  _malloc                            malloc
C:   0000120F  __mulint                           _mulint
C:   0000123E  _vprintf                           vprintf
C:   0000127D  _printf                            vprintf
C:   00001383  __print_format                     printf_large
C:   00001C84  _strlen                            _strlen
C:   00001C9C  __gptrget                          _gptrget

ASxxxx Linker V03.00 + NoICE + sdld,  page 20.
Hexadecimal  [32-Bits]

Area                                    Addr        Size        Decimal Bytes (Attributes)
--------------------------------        ----        ----        ------- ----- ------------
CONST                               00001CB8    00000531 =        1329. bytes (REL,CON,CODE)

      Value  Global                              Global Defined In Module
      -----  --------------------------------   ------------------------
C:   000021DC  ___sdcc_heap_size                  _heap

ASxxxx Linker V03.00 + NoICE + sdld,  page 21.

Files Linked                              [ module(s) ]

program.rel                               [  ]
_heap.rel                                 [  ]


Libraries Linked                          [ object file ]

C:\Program Files\SDCC\bin\..\lib\large/libsdcc.lib
                                          [ free.rel ]
C:\Program Files\SDCC\bin\..\lib\large/mcs51.lib
                                          [ crtclear.rel ]
C:\Program Files\SDCC\bin\..\lib\large/libsdcc.lib
                                          [ __memcpy.rel ]
C:\Program Files\SDCC\bin\..\lib\large/mcs51.lib
                                          [ crtxinit.rel ]
C:\Program Files\SDCC\bin\..\lib\large/libsdcc.lib
                                          [ _gptrput.rel ]
C:\Program Files\SDCC\bin\..\lib\large/libsdcc.lib
                                          [ malloc.rel ]
C:\Program Files\SDCC\bin\..\lib\large/libint.lib
                                          [ _mulint.rel ]
C:\Program Files\SDCC\bin\..\lib\large/mcs51.lib
                                          [ crtxclear.rel ]
C:\Program Files\SDCC\bin\..\lib\large/libsdcc.lib
                                          [ vprintf.rel ]
C:\Program Files\SDCC\bin\..\lib\large/libsdcc.lib
                                          [ printf_large.rel ]
C:\Program Files\SDCC\bin\..\lib\large/mcs51.lib
                                          [ crtpagesfr.rel ]
C:\Program Files\SDCC\bin\..\lib\large/libsdcc.lib
                                          [ _strlen.rel ]
C:\Program Files\SDCC\bin\..\lib\large/mcs51.lib
                                          [ crtstart.rel ]
C:\Program Files\SDCC\bin\..\lib\large/libsdcc.lib
                                          [ _gptrget.rel ]
C:\Program Files\SDCC\bin\..\lib\large/libsdcc.lib
                                          [ _bp.rel ]

ASxxxx Linker V03.00 + NoICE + sdld,  page 22.

User Base Address Definitions

HOME = 0x0000
XSEG = 0x0001
PSEG = 0x0001
ISEG = 0x0000
BSEG = 0x0000

