ASxxxx Linker V03.00 + NoICE + sdld,  page 1.
Hexadecimal  [32-Bits]

Area                                    Addr        Size        Decimal Bytes (Attributes)
--------------------------------        ----        ----        ------- ----- ------------
CABS                                00000000    00000000 =           0. bytes (ABS,CON,CODE)

      Value  Global                              Global Defined In Module
      -----  --------------------------------   ------------------------
C:   00000000  l_BSEG                          
C:   00000000  l_BSEG_BYTES                    
C:   00000000  l_CABS                          
C:   00000000  l_GSINIT                        
C:   00000000  l_GSINIT1                       
C:   00000000  l_GSINIT5                       
C:   00000000  l_IABS                          
C:   00000000  l_ISEG                          
C:   00000000  l_PSEG                          
C:   00000000  l_REG_BANK_2                    
C:   00000000  l_REG_BANK_3                    
C:   00000000  l_RSEG                          
C:   00000000  l_RSEG0                         
C:   00000000  l_RSEG1                         
C:   00000000  l_XABS                          
C:   00000000  l__CODE                         
C:   00000000  s_BSEG                          
C:   00000000  s_CABS                          
C:   00000000  s_DSEG                          
C:   00000000  s_HOME                          
C:   00000000  s_IABS                          
C:   00000000  s_ISEG                          
C:   00000000  s_REG_BANK_0                    
C:   00000000  s_RSEG                          
C:   00000000  s_RSEG0                         
C:   00000000  s_RSEG1                         
C:   00000000  s_XABS                          
C:   00000001  l_BIT_BANK                      
C:   00000001  s_PSEG                          
C:   00000001  s_XSEG                          
C:   00000003  l_GSFINAL                       
C:   00000003  l_GSINIT0                       
C:   00000003  l_XINIT                         
C:   00000003  l_XISEG                         
C:   00000005  l_OSEG                          
C:   00000008  l_REG_BANK_0                    
C:   00000008  l_REG_BANK_1                    
C:   00000008  s_REG_BANK_1                    
C:   0000000A  l_GSINIT2                       
C:   00000010  s_REG_BANK_2                    
C:   00000018  s_REG_BANK_3                    
C:   0000001A  s_OSEG                          
C:   00000020  s_BIT_BANK                      
C:   00000020  s_BSEG_BYTES                    
C:   00000020  s__CODE                         
C:   00000022  l_GSINIT3                       
C:   0000002A  l_GSINIT4                       
C:   0000002B  s_SSEG                          
C:   00000039  l_HOME                          
C:   00000039  s_GSINIT0                       
ASxxxx Linker V03.00 + NoICE + sdld,  page 2.
Hexadecimal  [32-Bits]

Area                                    Addr        Size        Decimal Bytes (Attributes)
--------------------------------        ----        ----        ------- ----- ------------
CABS                                00000000    00000000 =           0. bytes (ABS,CON,CODE)

      Value  Global                              Global Defined In Module
      -----  --------------------------------   ------------------------
C:   0000003C  s_GSINIT1                       
C:   0000003C  s_GSINIT2                       
C:   00000046  s_GSINIT3                       
C:   00000068  s_GSINIT4                       
C:   0000007F  l_DSEG                          
C:   00000092  s_GSFINAL                       
C:   00000092  s_GSINIT                        
C:   00000092  s_GSINIT5                       
C:   00000095  s_CSEG                          
C:   000000D5  l_SSEG                          
C:   00000100  l_IRAM                          
C:   00000BF2  l_CONST                         
C:   0000154C  l_XSEG                          
C:   0000154D  s_XISEG                         
C:   000023C9  l_CSEG                          
C:   0000245E  s_CONST                         
C:   00003050  s_XINIT                         

ASxxxx Linker V03.00 + NoICE + sdld,  page 3.
Hexadecimal  [32-Bits]

Area                                    Addr        Size        Decimal Bytes (Attributes)
--------------------------------        ----        ----        ------- ----- ------------
.  .ABS.                            00000000    00000000 =           0. bytes (ABS,CON)

      Value  Global                              Global Defined In Module
      -----  --------------------------------   ------------------------
     00000000  .__.ABS.                           _bp
     00000080  _P0                                pca
     00000080  _P0_0                              pca
     00000081  _P0_1                              pca
     00000081  _SP                                pca
     00000082  _DP0L                              pca
     00000082  _DPL                               pca
     00000082  _P0_2                              pca
     00000083  _DP0H                              pca
     00000083  _DPH                               pca
     00000083  _P0_3                              pca
     00000084  _P0_4                              pca
     00000085  _P0_5                              pca
     00000086  _P0_6                              pca
     00000087  _P0_7                              pca
     00000087  _PCON                              pca
     00000088  _IT0                               pca
     00000088  _TCON                              pca
     00000089  _IE0                               pca
     00000089  _TMOD                              pca
     0000008A  _IT1                               pca
     0000008A  _TL0                               pca
     0000008B  _IE1                               pca
     0000008B  _TL1                               pca
     0000008C  _TH0                               pca
     0000008C  _TR0                               pca
     0000008D  _TF0                               pca
     0000008D  _TH1                               pca
     0000008E  _AUXR                              pca
     0000008E  _TR1                               pca
     0000008E  __AUXR                             program
     0000008F  _CKCON0                            pca
     0000008F  _TF1                               pca
     00000090  _P1                                pca
     00000090  _P1_0                              pca
     00000091  _P1_1                              pca
     00000092  _P1_2                              pca
     00000093  _P1_3                              pca
     00000094  _P1_4                              pca
     00000095  _P1_5                              pca
     00000096  _P1_6                              pca
     00000097  _CKRL                              pca
     00000097  _P1_7                              pca
     00000098  _RI                                pca
     00000098  _SCON                              pca
     00000099  _SBUF                              pca
     00000099  _SBUF0                             pca
     00000099  _TI                                pca
     0000009A  _BRL                               pca
     0000009A  _RB8                               pca
ASxxxx Linker V03.00 + NoICE + sdld,  page 4.
Hexadecimal  [32-Bits]

Area                                    Addr        Size        Decimal Bytes (Attributes)
--------------------------------        ----        ----        ------- ----- ------------
.  .ABS.                            00000000    00000000 =           0. bytes (ABS,CON)

      Value  Global                              Global Defined In Module
      -----  --------------------------------   ------------------------
     0000009B  _BDRCON                            pca
     0000009B  _TB8                               pca
     0000009C  _KBLS                              pca
     0000009C  _REN                               pca
     0000009D  _KBE                               pca
     0000009D  _SM2                               pca
     0000009E  _KBF                               pca
     0000009E  _SM1                               pca
     0000009F  _SM0                               pca
     000000A0  _P2                                pca
     000000A0  _P2_0                              pca
     000000A0  __XPAGE                            
     000000A1  _P2_1                              pca
     000000A2  _AUXR1                             pca
     000000A2  _P2_2                              pca
     000000A3  _P2_3                              pca
     000000A4  _P2_4                              pca
     000000A5  _P2_5                              pca
     000000A6  _P2_6                              pca
     000000A6  _WDTRST                            pca
     000000A7  _P2_7                              pca
     000000A7  _WDTPRG                            pca
     000000A8  _EX0                               pca
     000000A8  _IE                                pca
     000000A8  _IEN0                              pca
     000000A9  _ET0                               pca
     000000A9  _SADDR                             pca
     000000AA  _EX1                               pca
     000000AB  _ET1                               pca
     000000AC  _ES                                pca
     000000AD  _ET2                               pca
     000000AE  _EC                                pca
     000000AF  _CKCON1                            pca
     000000AF  _EA                                pca
     000000B0  _P3                                pca
     000000B0  _P3_0                              pca
     000000B0  _RXD                               pca
     000000B0  _RXD0                              pca
     000000B1  _IEN1                              pca
     000000B1  _P3_1                              pca
     000000B1  _TXD                               pca
     000000B1  _TXD0                              pca
     000000B2  _INT0                              pca
     000000B2  _IPL1                              pca
     000000B2  _P3_2                              pca
     000000B3  _INT1                              pca
     000000B3  _IPH1                              pca
     000000B3  _P3_3                              pca
     000000B4  _P3_4                              pca
     000000B4  _T0                                pca
     000000B5  _P3_5                              pca
ASxxxx Linker V03.00 + NoICE + sdld,  page 5.
Hexadecimal  [32-Bits]

Area                                    Addr        Size        Decimal Bytes (Attributes)
--------------------------------        ----        ----        ------- ----- ------------
.  .ABS.                            00000000    00000000 =           0. bytes (ABS,CON)

      Value  Global                              Global Defined In Module
      -----  --------------------------------   ------------------------
     000000B5  _T1                                pca
     000000B6  _P3_6                              pca
     000000B6  _WR                                pca
     000000B7  _IPH0                              pca
     000000B7  _P3_7                              pca
     000000B7  _RD                                pca
     000000B8  _IP                                pca
     000000B8  _IPL0                              pca
     000000B8  _PX0                               pca
     000000B8  _PX0L                              pca
     000000B9  _PT0                               pca
     000000B9  _PT0L                              pca
     000000B9  _SADEN                             pca
     000000BA  _PX1                               pca
     000000BA  _PX1L                              pca
     000000BB  _PT1                               pca
     000000BB  _PT1L                              pca
     000000BC  _PS                                pca
     000000BC  _PSL                               pca
     000000BD  _PT2                               pca
     000000BD  _PT2L                              pca
     000000BE  _PPCL                              pca
     000000C0  _P4                                pca
     000000C0  _P4_0                              pca
     000000C1  _P4_1                              pca
     000000C2  _P4_2                              pca
     000000C3  _P4_3                              pca
     000000C3  _SPCON                             pca
     000000C4  _P4_4                              pca
     000000C4  _SPSTA                             pca
     000000C5  _P4_5                              pca
     000000C5  _SPDAT                             pca
     000000C6  _P4_6                              pca
     000000C7  _P4_7                              pca
     000000C8  _CP_RL2                            pca
     000000C8  _T2CON                             pca
     000000C8  _T2CON_0                           pca
     000000C9  _C_T2                              pca
     000000C9  _T2CON_1                           pca
     000000C9  _T2MOD                             pca
     000000CA  _RCAP2L                            pca
     000000CA  _T2CON_2                           pca
     000000CA  _TR2                               pca
     000000CB  _EXEN2                             pca
     000000CB  _RCAP2H                            pca
     000000CB  _T2CON_3                           pca
     000000CC  _T2CON_4                           pca
     000000CC  _TCLK                              pca
     000000CC  _TL2                               pca
     000000CD  _RCLK                              pca
     000000CD  _T2CON_5                           pca
ASxxxx Linker V03.00 + NoICE + sdld,  page 6.
Hexadecimal  [32-Bits]

Area                                    Addr        Size        Decimal Bytes (Attributes)
--------------------------------        ----        ----        ------- ----- ------------
.  .ABS.                            00000000    00000000 =           0. bytes (ABS,CON)

      Value  Global                              Global Defined In Module
      -----  --------------------------------   ------------------------
     000000CD  _TH2                               pca
     000000CE  _EXF2                              pca
     000000CE  _T2CON_6                           pca
     000000CF  _T2CON_7                           pca
     000000CF  _TF2                               pca
     000000D0  _P                                 pca
     000000D0  _PSW                               pca
     000000D1  _F1                                pca
     000000D2  _EECON                             pca
     000000D2  _OV                                pca
     000000D3  _RS0                               pca
     000000D4  _RS1                               pca
     000000D5  _F0                                pca
     000000D6  _AC                                pca
     000000D7  _CY                                pca
     000000D8  _CCF0                              pca
     000000D8  _CCON                              pca
     000000D9  _CCF1                              pca
     000000D9  _CMOD                              pca
     000000DA  _CCAPM0                            pca
     000000DA  _CCF2                              pca
     000000DB  _CCAPM1                            pca
     000000DB  _CCF3                              pca
     000000DC  _CCAPM2                            pca
     000000DC  _CCF4                              pca
     000000DD  _CCAPM3                            pca
     000000DE  _CCAPM4                            pca
     000000DE  _CR                                pca
     000000DF  _CF                                pca
     000000E0  _ACC                               pca
     000000E8  _P5                                pca
     000000E8  _P5_0                              pca
     000000E9  _CL                                pca
     000000E9  _P5_1                              pca
     000000EA  _CCAP0L                            pca
     000000EA  _P5_2                              pca
     000000EB  _CCAP1L                            pca
     000000EB  _P5_3                              pca
     000000EC  _CCAP2L                            pca
     000000EC  _P5_4                              pca
     000000ED  _CCAP3L                            pca
     000000ED  _P5_5                              pca
     000000EE  _CCAP4L                            pca
     000000EE  _P5_6                              pca
     000000EF  _P5_7                              pca
     000000F0  _B                                 pca
     000000F0  _BREG_F0                           pca
     000000F1  _BREG_F1                           pca
     000000F2  _BREG_F2                           pca
     000000F3  _BREG_F3                           pca
     000000F4  _BREG_F4                           pca
ASxxxx Linker V03.00 + NoICE + sdld,  page 7.
Hexadecimal  [32-Bits]

Area                                    Addr        Size        Decimal Bytes (Attributes)
--------------------------------        ----        ----        ------- ----- ------------
.  .ABS.                            00000000    00000000 =           0. bytes (ABS,CON)

      Value  Global                              Global Defined In Module
      -----  --------------------------------   ------------------------
     000000F5  _BREG_F5                           pca
     000000F5  _B_5                               _gptrget
     000000F6  _BREG_F6                           pca
     000000F6  _B_6                               _gptrget
     000000F7  _BREG_F7                           pca
     000000F7  _B_7                               _gptrget
     000000F9  _CH                                pca
     000000FA  _CCAP0H                            pca
     000000FB  _CCAP1H                            pca
     000000FC  _CCAP2H                            pca
     000000FD  _CCAP3H                            pca
     000000FE  _CCAP4H                            pca
     00008000  _DEBUG_LOC                         program
ASxxxx Linker V03.00 + NoICE + sdld,  page 8.
Hexadecimal  [32-Bits]

Area                                    Addr        Size        Decimal Bytes (Attributes)
--------------------------------        ----        ----        ------- ----- ------------
REG_BANK_0                          00000000    00000008 =           8. bytes (REL,OVR)

      Value  Global                              Global Defined In Module
      -----  --------------------------------   ------------------------
ASxxxx Linker V03.00 + NoICE + sdld,  page 9.
Hexadecimal  [32-Bits]

Area                                    Addr        Size        Decimal Bytes (Attributes)
--------------------------------        ----        ----        ------- ----- ------------
REG_BANK_1                          00000008    00000008 =           8. bytes (REL,OVR)

      Value  Global                              Global Defined In Module
      -----  --------------------------------   ------------------------
ASxxxx Linker V03.00 + NoICE + sdld,  page 10.
Hexadecimal  [32-Bits]

Area                                    Addr        Size        Decimal Bytes (Attributes)
--------------------------------        ----        ----        ------- ----- ------------
BIT_BANK                            00000020    00000001 =           1. bytes (REL,OVR)

      Value  Global                              Global Defined In Module
      -----  --------------------------------   ------------------------
ASxxxx Linker V03.00 + NoICE + sdld,  page 11.
Hexadecimal  [32-Bits]

Area                                    Addr        Size        Decimal Bytes (Attributes)
--------------------------------        ----        ----        ------- ----- ------------
DSEG                                00000000    0000007F =         127. bytes (REL,CON)

      Value  Global                              Global Defined In Module
      -----  --------------------------------   ------------------------
     00000019  _bp                                _bp

ASxxxx Linker V03.00 + NoICE + sdld,  page 12.
Hexadecimal  [32-Bits]

Area                                    Addr        Size        Decimal Bytes (Attributes)
--------------------------------        ----        ----        ------- ----- ------------
OSEG                                0000001A    00000005 =           5. bytes (REL,OVR)

      Value  Global                              Global Defined In Module
      -----  --------------------------------   ------------------------
     0000001A  _asmtest_PARM_2                    program
     0000001B  _asmtest_PARM_3                    program

ASxxxx Linker V03.00 + NoICE + sdld,  page 13.
Hexadecimal  [32-Bits]

Area                                    Addr        Size        Decimal Bytes (Attributes)
--------------------------------        ----        ----        ------- ----- ------------
SSEG                                0000002B    000000D5 =         213. bytes (REL,OVR)

      Value  Global                              Global Defined In Module
      -----  --------------------------------   ------------------------
     0000002B  __start__stack                     program

ASxxxx Linker V03.00 + NoICE + sdld,  page 14.
Hexadecimal  [32-Bits]

Area                                    Addr        Size        Decimal Bytes (Attributes)
--------------------------------        ----        ----        ------- ----- ------------
XSEG                                00000001    0000154C =        5452. bytes (REL,CON,XDATA)

      Value  Global                              Global Defined In Module
      -----  --------------------------------   ------------------------
D:   00000002  _i2c_write_random_PARM_2           i2c
D:   00000003  _i2c_write_random_PARM_3           i2c
D:   00000005  _i2c_read_random_PARM_2            i2c
D:   00000011  _program_stats                     buffer
D:   0000001B  _buffers_array                     buffer
D:   00000170  ___sdcc_heap                       _heap
D:   00001503  ___memcpy_PARM_2                   __memcpy
D:   00001506  ___memcpy_PARM_3                   __memcpy
D:   0000150B  __gptrput_PARM_2                   _gptrput
D:   0000150C  ___sdcc_heap_free                  malloc
D:   00001514  __mulint_PARM_2                    _mulint
D:   00001516  _vprintf_PARM_2                    vprintf
D:   0000152B  __print_format_PARM_2              printf_large
D:   0000152E  __print_format_PARM_3              printf_large
D:   00001531  __print_format_PARM_4              printf_large
ASxxxx Linker V03.00 + NoICE + sdld,  page 15.
Hexadecimal  [32-Bits]

Area                                    Addr        Size        Decimal Bytes (Attributes)
--------------------------------        ----        ----        ------- ----- ------------
XISEG                               0000154D    00000003 =           3. bytes (REL,CON,XDATA)

      Value  Global                              Global Defined In Module
      -----  --------------------------------   ------------------------
D:   0000154D  _global_var_test                   program
D:   0000154E  _watchdog_flag                     pca

ASxxxx Linker V03.00 + NoICE + sdld,  page 16.
Hexadecimal  [32-Bits]

Area                                    Addr        Size        Decimal Bytes (Attributes)
--------------------------------        ----        ----        ------- ----- ------------
HOME                                00000000    00000039 =          57. bytes (REL,CON,CODE)

      Value  Global                              Global Defined In Module
      -----  --------------------------------   ------------------------
C:   00000036  __sdcc_program_startup             program

ASxxxx Linker V03.00 + NoICE + sdld,  page 17.
Hexadecimal  [32-Bits]

Area                                    Addr        Size        Decimal Bytes (Attributes)
--------------------------------        ----        ----        ------- ----- ------------
GSINIT0                             00000039    00000003 =           3. bytes (REL,CON,CODE)

      Value  Global                              Global Defined In Module
      -----  --------------------------------   ------------------------
C:   00000039  __sdcc_gsinit_startup              

ASxxxx Linker V03.00 + NoICE + sdld,  page 18.
Hexadecimal  [32-Bits]

Area                                    Addr        Size        Decimal Bytes (Attributes)
--------------------------------        ----        ----        ------- ----- ------------
GSINIT2                             0000003C    0000000A =          10. bytes (REL,CON,CODE)

      Value  Global                              Global Defined In Module
      -----  --------------------------------   ------------------------
ASxxxx Linker V03.00 + NoICE + sdld,  page 19.
Hexadecimal  [32-Bits]

Area                                    Addr        Size        Decimal Bytes (Attributes)
--------------------------------        ----        ----        ------- ----- ------------
GSINIT3                             00000046    00000022 =          34. bytes (REL,CON,CODE)

      Value  Global                              Global Defined In Module
      -----  --------------------------------   ------------------------
C:   00000046  __mcs51_genXINIT                   

ASxxxx Linker V03.00 + NoICE + sdld,  page 20.
Hexadecimal  [32-Bits]

Area                                    Addr        Size        Decimal Bytes (Attributes)
--------------------------------        ----        ----        ------- ----- ------------
GSINIT4                             00000068    0000002A =          42. bytes (REL,CON,CODE)

      Value  Global                              Global Defined In Module
      -----  --------------------------------   ------------------------
C:   00000068  __mcs51_genRAMCLEAR                
C:   0000006E  __mcs51_genXRAMCLEAR               

ASxxxx Linker V03.00 + NoICE + sdld,  page 21.
Hexadecimal  [32-Bits]

Area                                    Addr        Size        Decimal Bytes (Attributes)
--------------------------------        ----        ----        ------- ----- ------------
GSFINAL                             00000092    00000003 =           3. bytes (REL,CON,CODE)

      Value  Global                              Global Defined In Module
      -----  --------------------------------   ------------------------
ASxxxx Linker V03.00 + NoICE + sdld,  page 22.
Hexadecimal  [32-Bits]

Area                                    Addr        Size        Decimal Bytes (Attributes)
--------------------------------        ----        ----        ------- ----- ------------
CSEG                                00000095    000023C9 =        9161. bytes (REL,CON,CODE)

      Value  Global                              Global Defined In Module
      -----  --------------------------------   ------------------------
C:   00000095  _main                              program
C:   000000B5  _main_menu                         program
C:   00000164  _pca_interrupt                     program
C:   0000020C  _idle_interrupt                    program
C:   00000281  _dataout                           program
C:   0000028D  __sdcc_external_startup            program
C:   000002AE  _i2c_write_random                  i2c
C:   000002F9  _i2c_read_random                   i2c
C:   0000031B  _asmtest                           program
C:   0000033E  _i2c_init                          program
C:   00000345  _i2c_write_init                    program
C:   00000353  _i2c_read_init                     program
C:   00000361  _i2c_read_val                      program
C:   00000387  _i2c_addr                          program
C:   0000038F  _i2c_write_val                     program
C:   0000039A  _i2c_stop                          program
C:   000003C4  _get_number                        getput
C:   00000496  _get_num_helper                    getput
C:   00000513  _putchar                           getput
C:   00000532  _getchar                           getput
C:   0000056E  _user_interface_heap               buffer
C:   00000577  _at_clear_all_buffers              buffer
C:   0000060B  _delete_buffer                     buffer
C:   000007E1  _print_heap_menu                   buffer
C:   0000088A  _create_new_buffer                 buffer
C:   000009FE  _create_initial_buffers            buffer
C:   00000BD5  _buffer_input_loop                 buffer
C:   00000CFF  _dump_buff_zero_ascii              buffer
C:   00000E0F  _dump_buff_zero_hex                buffer
C:   00000F56  _print_heap_stats                  buffer
C:   00001011  _print_all_buffers                 buffer
C:   0000117B  _user_interface_PCA                pca
C:   0000123B  _pca_falling_edge                  pca
C:   00001256  _pca_software_timer                pca
C:   00001287  _pca_high_speed                    pca
C:   000012AB  _pca_pwm                           pca
C:   000012CF  _pca_watchdog                      pca
C:   0000132A  _hardware_watchdog                 pca
C:   00001373  _pca_idle                          pca
C:   000013A8  _pca_pdown                         pca
C:   000013DD  _fclk_lowest                       pca
C:   0000140F  _print_pca_menu                    pca
C:   000014E2  _eeprom_menu                       eeprom
C:   00001563  _asm_clang                         asm_c
C:   00001606  _asm_call                          asm_c
C:   0000162A  _free                              free
C:   00001781  ___memcpy                          __memcpy
C:   000017F5  __gptrput                          _gptrput
C:   00001810  ___sdcc_heap_init                  malloc
C:   0000184C  _malloc                            malloc
ASxxxx Linker V03.00 + NoICE + sdld,  page 23.
Hexadecimal  [32-Bits]

Area                                    Addr        Size        Decimal Bytes (Attributes)
--------------------------------        ----        ----        ------- ----- ------------
CSEG                                00000095    000023C9 =        9161. bytes (REL,CON,CODE)

      Value  Global                              Global Defined In Module
      -----  --------------------------------   ------------------------
C:   000019B5  __mulint                           _mulint
C:   000019E4  _vprintf                           vprintf
C:   00001A23  _printf                            vprintf
C:   00001B29  __print_format                     printf_large
C:   0000242A  _strlen                            _strlen
C:   00002442  __gptrget                          _gptrget

ASxxxx Linker V03.00 + NoICE + sdld,  page 24.
Hexadecimal  [32-Bits]

Area                                    Addr        Size        Decimal Bytes (Attributes)
--------------------------------        ----        ----        ------- ----- ------------
CONST                               0000245E    00000BF2 =        3058. bytes (REL,CON,CODE)

      Value  Global                              Global Defined In Module
      -----  --------------------------------   ------------------------
C:   00003043  ___sdcc_heap_size                  _heap

ASxxxx Linker V03.00 + NoICE + sdld,  page 25.
Hexadecimal  [32-Bits]

Area                                    Addr        Size        Decimal Bytes (Attributes)
--------------------------------        ----        ----        ------- ----- ------------
XINIT                               00003050    00000003 =           3. bytes (REL,CON,CODE)

      Value  Global                              Global Defined In Module
      -----  --------------------------------   ------------------------
ASxxxx Linker V03.00 + NoICE + sdld,  page 26.

Files Linked                              [ module(s) ]

program.rel                               [  ]
i2c.rel                                   [  ]
asa.rel                                   [  ]
getput.rel                                [  ]
buffer.rel                                [  ]
pca.rel                                   [  ]
eeprom.rel                                [  ]
asm_c.rel                                 [  ]
_heap.rel                                 [  ]


Libraries Linked                          [ object file ]

C:\Program Files\SDCC\bin\..\lib\large/libsdcc.lib
                                          [ free.rel ]
C:\Program Files\SDCC\bin\..\lib\large/mcs51.lib
                                          [ crtclear.rel ]
C:\Program Files\SDCC\bin\..\lib\large/libsdcc.lib
                                          [ __memcpy.rel ]
C:\Program Files\SDCC\bin\..\lib\large/mcs51.lib
                                          [ crtxinit.rel ]
C:\Program Files\SDCC\bin\..\lib\large/libsdcc.lib
                                          [ _gptrput.rel ]
C:\Program Files\SDCC\bin\..\lib\large/libsdcc.lib
                                          [ malloc.rel ]
C:\Program Files\SDCC\bin\..\lib\large/libint.lib
                                          [ _mulint.rel ]
C:\Program Files\SDCC\bin\..\lib\large/mcs51.lib
                                          [ crtxclear.rel ]
C:\Program Files\SDCC\bin\..\lib\large/libsdcc.lib
                                          [ vprintf.rel ]
C:\Program Files\SDCC\bin\..\lib\large/libsdcc.lib
                                          [ printf_large.rel ]
C:\Program Files\SDCC\bin\..\lib\large/mcs51.lib
                                          [ crtpagesfr.rel ]
C:\Program Files\SDCC\bin\..\lib\large/libsdcc.lib
                                          [ _strlen.rel ]
C:\Program Files\SDCC\bin\..\lib\large/mcs51.lib
                                          [ crtstart.rel ]
C:\Program Files\SDCC\bin\..\lib\large/libsdcc.lib
                                          [ _gptrget.rel ]
C:\Program Files\SDCC\bin\..\lib\large/libsdcc.lib
                                          [ _bp.rel ]

ASxxxx Linker V03.00 + NoICE + sdld,  page 27.

User Base Address Definitions

HOME = 0x0000
XSEG = 0x0001
PSEG = 0x0001
ISEG = 0x0000
BSEG = 0x0000

